// Jest Snapshot v1, https://goo.gl/fbAQLP

exports[`<PostCard /> should match snapshot 1`] = `
<div
  class="post"
>
  <img
    alt="Test title"
    src="img/img.png"
  />
  <div
    class="post-content"
  >
    <h2>
      Test title
    </h2>
    <p>
      Testing body
    </p>
  </div>
</div>
`;
